Read	.target.size "/etc/install.inf" nil
Read	.etc.install_inf.Sourcemounted nil
Read	.etc.install_inf.AutoYaST nil
Read	.etc.install_inf.Repair nil
Read	.etc.install_inf.Demo nil
Read	.etc.install_inf.Textmode nil
Read	.etc.install_inf.Manual nil
Read	.target.string "/proc/cmdline" nil
Read	.etc.install_inf.Console nil
Read	.etc.install_inf.Braille nil
Read	.etc.install_inf.VNC nil
Read	.etc.install_inf.UseSSH nil
Read	.etc.install_inf.InstMode nil
Read	.target.tmpdir nil
Log	Failed to set temporary directory: nil
Read	.sysconfig.personal-firewall.REJECT_ALL_INCOMING_CONNECTIONS "yes"
Read	.probe.architecture nil
Read	.probe.has_apm nil
Read	.probe.has_pcmcia nil
Read	.probe.has_smp nil
Read	.probe.system nil
Read	.target.ycp "/usr/share/YaST2/data/all-apache2-modules.ycp" nil
Return	nil
Dump	true
Dump	$["enabled":true, "firewall":true, "firewall_started":false]
Return	nil
Dump	true
Dump	$["enabled":false, "firewall":true, "firewall_started":false]
