Read	.target.tmpdir nil
Log	Failed to set temporary directory: nil
Return	$["address":"192.168.1.2", "port":"80"]
