Return	$["KEY":"_SECTION", "SECTIONNAME":"Directory", "SECTIONPARAM":"/usr/share/YaST2/modules/", "VALUE":[$["KEY":"YaST2/modules", "VALUE":nil]]]
