Read	.target.size "/etc/install.inf" nil
Read	.etc.install_inf.Sourcemounted nil
Read	.etc.install_inf.AutoYaST nil
Read	.etc.install_inf.Repair nil
Read	.etc.install_inf.Demo nil
Read	.etc.install_inf.Textmode nil
Read	.etc.install_inf.Manual nil
Read	.target.string "/proc/cmdline" nil
Read	.etc.install_inf.Console nil
Read	.etc.install_inf.Braille nil
Read	.etc.install_inf.VNC nil
Read	.etc.install_inf.UseSSH nil
Read	.etc.install_inf.InstMode nil
Read	.target.tmpdir nil
Log	Failed to set temporary directory: nil
Read	.sysconfig.personal-firewall.REJECT_ALL_INCOMING_CONNECTIONS "yes"
Read	.probe.architecture nil
Read	.probe.has_apm nil
Read	.probe.has_pcmcia nil
Read	.probe.has_smp nil
Read	.probe.system nil
Read	.target.ycp "/usr/share/YaST2/data/all-apache2-modules.ycp" nil
Write	.sysconfig.apache2."APACHE_MODULES" "ssl" true
Write	.sysconfig.apache2 nil true
Write	.etc.apachelisten.Listen ["1.2.3.4:8080", "3128"] true
Write	.sysconfig.apache2."APACHE_SERVERNAME" "blablabla.example.com" true
Write	.etc.httpd nil true
Write	.etc.apachelisten nil true
Write	.sysconfig.apache2 nil true
Execute	.target.bash "/sbin/SuSEconfig --module apache2" 0
Read	.init.scripts.exists "apache2" true
Read	.init.scripts.exists "apache2" true
Read	.init.scripts.runlevel "apache2" nil
Read	.init.scripts.comment "apache2" nil
Execute	.target.bash_output "/sbin/insserv -d /etc/init.d/apache2" $["exit":0, "stderr":"", "stdout":""]
Execute	.target.bash "/etc/init.d/apache2 restart" $["TERM":"raw"] 0
Return	true
