Read	.http_server.listen ["80", "127.0.0.1:99"]
Return	true
