Read	.target.tmpdir nil
Log	Failed to set temporary directory: nil
Read	.target.ycp "/usr/share/YaST2/data/all-apache2-modules.ycp" $["access":$["default":true, "description":"Provides access control based on client host name, IP address, etc.", "status":true], "actions":$["default":true, "description":"Executing CGI scripts based on media type or request method", "status":true], "alias":$["default":true, "description":"Mapping different parts of the host file system in the document tree and for URL redirection", "status":true], "auth":$["default":true, "description":"User authentication using text files", "status":true]]
Return	$["access":$["default":true, "description":"Provides access control based on client host name, IP address, etc.", "status":true], "actions":$["default":true, "description":"Executing CGI scripts based on media type or request method", "status":true], "alias":$["default":true, "description":"Mapping different parts of the host file system in the document tree and for URL redirection", "status":true], "auth":$["default":true, "description":"User authentication using text files", "status":true]]
