Read	.target.tmpdir nil
Log	Failed to set temporary directory: nil
Return	192.168.1.2:80
