Read	.target.tmpdir nil
Log	Failed to set temporary directory: nil
Return	`item (`id (0), "192.168.1.2", "80")
